2a0d:8000:1::/48
2a00:8c40:f0a0::/44
2a00:8c40:f0b0::/44
2a00:8c40:f0c0::/44
2a00:8c40:f0d0::/44
2a00:8c40:f0e0::/44
2a00:8c40:f0f0::/44
2a00:8c40:f000::/44
2a00:8c40:f1a0::/44
2a00:8c40:f1b0::/44
2a00:8c40:f1c0::/44
2a00:8c40:f1d0::/44
2a00:8c40:f1e0::/44
2a00:8c40:f1f0::/44
2a00:8c40:f010::/44
2a00:8c40:f020::/44
2a00:8c40:f030::/44
2a00:8c40:f040::/44
2a00:8c40:f050::/44
2a00:8c40:f060::/44
2a00:8c40:f080::/44
2a00:8c40:f090::/44
2a00:8c40:f100::/44
2a00:8c40:f110::/44
2a00:8c40:f120::/44
2a00:8c40:f130::/44
2a00:8c40:f140::/44
2a00:8c40:f150::/44
2a00:8c40:f160::/44
2a00:8c40:f170::/44
2a00:8c40:f180::/44
2a00:8c40:f190::/44
2a00:8c40:f200::/44
2a00:8c40:f210::/44
2a00:8c40:f220::/44
2a00:8c40:f230::/44
2a00:8c40:f240::/44
2a00:8c40:f250::/44
2a00:8c40:f270::/44
2a04:4e40:1a00::/44
2a04:4e40:1a00::/48
2a04:4e40:1b00::/44
2a04:4e40:1b00::/48
2a04:4e40:1c00::/48
2a04:4e40:1c01::/48
2a04:4e40:1c10::/48
2a04:4e40:1c11::/48
2a04:4e40:1c20::/44
2a04:4e40:1c20::/48
2a04:4e40:1c21::/48
2a04:4e40:1c30::/44
2a04:4e40:1c30::/48
2a04:4e40:1c31::/48
2a04:4e40:1c40::/44
2a04:4e40:1c40::/48
2a04:4e40:1c41::/48
2a04:4e40:1d00::/44
2a04:4e40:1d00::/48
2a04:4e40:1e00::/44
2a04:4e40:1e00::/48
2a04:4e40:1f00::/44
2a04:4e40:1f00::/48
2a04:4e40:2b00::/40
2a04:4e40:2c00::/44
2a04:4e40:2c00::/48
2a04:4e40:2d00::/48
2a04:4e40:2df0::/48
2a04:4e40:2e00::/44
2a04:4e40:2e00::/48
2a04:4e40:2f00::/44
2a04:4e40:2f00::/48
2a04:4e40:3a00::/48
2a04:4e40:3a10::/44
2a04:4e40:3a10::/48
2a04:4e40:3a40::/44
2a04:4e40:3a40::/48
2a04:4e40:3af0::/48
2a04:4e40:3b00::/44
2a04:4e40:3b00::/48
2a04:4e40:3d00::/44
2a04:4e40:3d00::/48
2a04:4e40:3e00::/48
2a04:4e40:3e10::/44
2a04:4e40:3e10::/48
2a04:4e40:3e20::/48
2a04:4e40:3e40::/48
2a04:4e40:3ef0::/48
2a04:4e40:3f00::/44
2a04:4e40:3f00::/48
2a04:4e40:4a00::/48
2a04:4e40:4b00::/44
2a04:4e40:4b00::/48
2a04:4e40:4c00::/48
2a04:4e40:4c01::/48
2a04:4e40:4cf0::/48
2a04:4e40:4cf1::/48
2a04:4e40:4d00::/44
2a04:4e40:4d00::/48
2a04:4e40:4e00::/48
2a04:4e40:4e10::/44
2a04:4e40:4e10::/48
2a04:4e40:4e20::/44
2a04:4e40:4e20::/48
2a04:4e40:4ef0::/48
2a04:4e40:4f00::/44
2a04:4e40:4f00::/48
2a04:4e40:5a00::/48
2a04:4e40:5a01::/48
2a04:4e40:5a10::/48
2a04:4e40:5a11::/48
2a04:4e40:5a20::/48
2a04:4e40:5a21::/48
2a04:4e40:5a40::/44
2a04:4e40:5a40::/48
2a04:4e40:5a41::/48
2a04:4e40:5af0::/48
2a04:4e40:5af1::/48
2a04:4e40:5b00::/44
2a04:4e40:5b00::/48
2a04:4e40:5c00::/44
2a04:4e40:5c00::/48
2a04:4e40:5d00::/44
2a04:4e40:5d00::/48
2a04:4e40:5e00::/48
2a04:4e40:5e10::/44
2a04:4e40:5e10::/48
2a04:4e40:5e30::/44
2a04:4e40:5e30::/48
2a04:4e40:5e40::/44
2a04:4e40:5e40::/48
2a04:4e40:5ef0::/48
2a04:4e40:5f00::/44
2a04:4e40:5f00::/48
2a04:4e40:6a00::/48
2a04:4e40:6a30::/44
2a04:4e40:6a30::/48
2a04:4e40:6a40::/44
2a04:4e40:6a40::/48
2a04:4e40:6af0::/48
2a04:4e40:6b00::/48
2a04:4e40:6b20::/48
2a04:4e40:6b40::/48
2a04:4e40:6c00::/48
2a04:4e40:6c10::/44
2a04:4e40:6c10::/48
2a04:4e40:6c20::/44
2a04:4e40:6c20::/48
2a04:4e40:6c30::/48
2a04:4e40:6c40::/44
2a04:4e40:6c40::/48
2a04:4e40:6c50::/44
2a04:4e40:6c50::/48
2a04:4e40:6cf0::/48
2a04:4e40:6d00::/48
2a04:4e40:6d10::/48
2a04:4e40:6d40::/48
2a04:4e40:6f00::/48
2a04:4e40:6ff0::/48
2a04:4e40:7a00::/48
2a04:4e40:7a20::/44
2a04:4e40:7a20::/48
2a04:4e40:7a40::/48
2a04:4e40:7af0::/48
2a04:4e40:7b00::/48
2a04:4e40:7b10::/48
2a04:4e40:7bf0::/48
2a04:4e40:7c00::/44
2a04:4e40:7d00::/44
2a04:4e40:7d00::/48
2a04:4e40:7e00::/48
2a04:4e40:7e10::/48
2a04:4e40:7e20::/48
2a04:4e40:7e40::/48
2a04:4e40:7ef0::/48
2a04:4e40:7f00::/48
2a04:4e40:8a00::/48
2a04:4e40:8a01::/48
2a04:4e40:8a10::/48
2a04:4e40:8a11::/48
2a04:4e40:8a30::/48
2a04:4e40:8a31::/48
2a04:4e40:8a40::/48
2a04:4e40:8a41::/48
2a04:4e40:8af0::/48
2a04:4e40:8af1::/48
2a04:4e40:8c00::/48
2a04:4e40:8c01::/48
2a04:4e40:8c10::/48
2a04:4e40:8c11::/48
2a04:4e40:8c20::/48
2a04:4e40:8c21::/48
2a04:4e40:8c30::/44
2a04:4e40:8c30::/48
2a04:4e40:8c31::/48
2a04:4e40:8c40::/48
2a04:4e40:8c41::/48
2a04:4e40:8c50::/48
2a04:4e40:8c51::/48
2a04:4e40:8cf0::/48
2a04:4e40:8cf1::/48
2a04:4e40:8d00::/48
2a04:4e40:8d40::/48
2a04:4e40:8e00::/48
2a04:4e40:9a00::/48
2a04:4e40:9b00::/48
2a04:4e40:9c00::/48
2a04:4e40:9cf0::/48
2a04:4e40:9e00::/48
2a04:4e40:9ef0::/48
2a04:4e40:10f0::/48
2a04:4e40:16f0::/48
2a04:4e40:17f0::/48
2a04:4e40:20f0::/48
2a04:4e40:24f0::/48
2a04:4e40:36f0::/48
2a04:4e40:38f0::/48
2a04:4e40:40f0::/48
2a04:4e40:40f1::/48
2a04:4e40:40::/44
2a04:4e40:44f0::/48
2a04:4e40:46f0::/48
2a04:4e40:50f0::/48
2a04:4e40:52f0::/48
2a04:4e40:58f0::/48
2a04:4e40:61f0::/48
2a04:4e40:66f0::/48
2a04:4e40:66f1::/48
2a04:4e40:68f0::/48
2a04:4e40:69f0::/48
2a04:4e40:77f0::/48
2a04:4e40:79f0::/48
2a04:4e40:80f0::/48
2a04:4e40:85f0::/48
2a04:4e40:87f0::/48
2a04:4e40:94f0::/48
2a04:4e40:94f1::/48
2a04:4e40:96f0::/48
2a04:4e40:98f0::/48
2a04:4e40:100::/44
2a04:4e40:100::/48
2a04:4e40:200::/48
2a04:4e40:210::/48
2a04:4e40:220::/48
2a04:4e40:230::/48
2a04:4e40:240::/44
2a04:4e40:240::/48
2a04:4e40:300::/44
2a04:4e40:300::/48
2a04:4e40:400::/48
2a04:4e40:410::/44
2a04:4e40:410::/48
2a04:4e40:430::/48
2a04:4e40:440::/48
2a04:4e40:500::/44
2a04:4e40:500::/48
2a04:4e40:600::/48
2a04:4e40:610::/44
2a04:4e40:610::/48
2a04:4e40:620::/48
2a04:4e40:640::/48
2a04:4e40:700::/44
2a04:4e40:700::/48
2a04:4e40:800::/48
2a04:4e40:810::/44
2a04:4e40:810::/48
2a04:4e40:820::/44
2a04:4e40:820::/48
2a04:4e40:840::/44
2a04:4e40:840::/48
2a04:4e40:900::/44
2a04:4e40:900::/48
2a04:4e40:1000::/48
2a04:4e40:1010::/48
2a04:4e40:1020::/48
2a04:4e40:1030::/44
2a04:4e40:1030::/48
2a04:4e40:1040::/44
2a04:4e40:1040::/48
2a04:4e40:1050::/48
2a04:4e40:1100::/48
2a04:4e40:1110::/48
2a04:4e40:1140::/48
2a04:4e40:1200::/48
2a04:4e40:1220::/44
2a04:4e40:1220::/48
2a04:4e40:1240::/44
2a04:4e40:1240::/48
2a04:4e40:1300::/44
2a04:4e40:1300::/48
2a04:4e40:1500::/44
2a04:4e40:1500::/48
2a04:4e40:1600::/48
2a04:4e40:1620::/44
2a04:4e40:1620::/48
2a04:4e40:1640::/44
2a04:4e40:1640::/48
2a04:4e40:1700::/48
2a04:4e40:1720::/44
2a04:4e40:1720::/48
2a04:4e40:1740::/48
2a04:4e40:1800::/48
2a04:4e40:1830::/44
2a04:4e40:1830::/48
2a04:4e40:1840::/44
2a04:4e40:1840::/48
2a04:4e40:1850::/48
2a04:4e40:1900::/44
2a04:4e40:1900::/48
2a04:4e40:2000::/48
2a04:4e40:2010::/44
2a04:4e40:2010::/48
2a04:4e40:2020::/44
2a04:4e40:2020::/48
2a04:4e40:2030::/44
2a04:4e40:2030::/48
2a04:4e40:2040::/44
2a04:4e40:2040::/48
2a04:4e40:2050::/44
2a04:4e40:2050::/48
2a04:4e40:2100::/44
2a04:4e40:2100::/48
2a04:4e40:2200::/44
2a04:4e40:2200::/48
2a04:4e40:2300::/44
2a04:4e40:2300::/48
2a04:4e40:2400::/48
2a04:4e40:2410::/48
2a04:4e40:2500::/44
2a04:4e40:2500::/48
2a04:4e40:2600::/48
2a04:4e40:2601::/48
2a04:4e40:2700::/44
2a04:4e40:2700::/48
2a04:4e40:2800::/44
2a04:4e40:2800::/48
2a04:4e40:2900::/44
2a04:4e40:2900::/48
2a04:4e40:3100::/44
2a04:4e40:3100::/48
2a04:4e40:3200::/44
2a04:4e40:3200::/48
2a04:4e40:3300::/44
2a04:4e40:3300::/48
2a04:4e40:3400::/48
2a04:4e40:3500::/44
2a04:4e40:3500::/48
2a04:4e40:3600::/48
2a04:4e40:3610::/48
2a04:4e40:3630::/44
2a04:4e40:3630::/48
2a04:4e40:3640::/44
2a04:4e40:3640::/48
2a04:4e40:3650::/44
2a04:4e40:3650::/48
2a04:4e40:3700::/44
2a04:4e40:3700::/48
2a04:4e40:3800::/48
2a04:4e40:3810::/44
2a04:4e40:3810::/48
2a04:4e40:3820::/44
2a04:4e40:3820::/48
2a04:4e40:3840::/44
2a04:4e40:3840::/48
2a04:4e40:3900::/44
2a04:4e40:3900::/48
2a04:4e40:4000::/48
2a04:4e40:4001::/48
2a04:4e40:4100::/44
2a04:4e40:4100::/48
2a04:4e40:4200::/48
2a04:4e40:4300::/44
2a04:4e40:4300::/48
2a04:4e40:4400::/48
2a04:4e40:4410::/44
2a04:4e40:4410::/48
2a04:4e40:4440::/44
2a04:4e40:4440::/48
2a04:4e40:4500::/44
2a04:4e40:4500::/48
2a04:4e40:4600::/48
2a04:4e40:4610::/48
2a04:4e40:4620::/44
2a04:4e40:4620::/48
2a04:4e40:4630::/44
2a04:4e40:4630::/48
2a04:4e40:4640::/44
2a04:4e40:4640::/48
2a04:4e40:4650::/48
2a04:4e40:4700::/44
2a04:4e40:4700::/48
2a04:4e40:4800::/44
2a04:4e40:4800::/48
2a04:4e40:4900::/44
2a04:4e40:4900::/48
2a04:4e40:5000::/48
2a04:4e40:5010::/44
2a04:4e40:5010::/48
2a04:4e40:5020::/44
2a04:4e40:5020::/48
2a04:4e40:5040::/44
2a04:4e40:5040::/48
2a04:4e40:5100::/44
2a04:4e40:5100::/48
2a04:4e40:5200::/48
2a04:4e40:5210::/48
2a04:4e40:5220::/48
2a04:4e40:5240::/44
2a04:4e40:5240::/48
2a04:4e40:5300::/44
2a04:4e40:5300::/48
2a04:4e40:5400::/44
2a04:4e40:5400::/48
2a04:4e40:5500::/44
2a04:4e40:5500::/48
2a04:4e40:5700::/48
2a04:4e40:5800::/48
2a04:4e40:5810::/48
2a04:4e40:5830::/44
2a04:4e40:5830::/48
2a04:4e40:5840::/44
2a04:4e40:5840::/48
2a04:4e40:5900::/44
2a04:4e40:5900::/48
2a04:4e40:6000::/48
2a04:4e40:6001::/48
2a04:4e40:6040::/48
2a04:4e40:6041::/48
2a04:4e40:6100::/48
2a04:4e40:6120::/44
2a04:4e40:6120::/48
2a04:4e40:6140::/48
2a04:4e40:6200::/48
2a04:4e40:6300::/44
2a04:4e40:6300::/48
2a04:4e40:6400::/44
2a04:4e40:6400::/48
2a04:4e40:6500::/44
2a04:4e40:6500::/48
2a04:4e40:6600::/48
2a04:4e40:6601::/48
2a04:4e40:6610::/44
2a04:4e40:6610::/48
2a04:4e40:6611::/48
2a04:4e40:6630::/44
2a04:4e40:6630::/48
2a04:4e40:6631::/48
2a04:4e40:6640::/44
2a04:4e40:6640::/48
2a04:4e40:6641::/48
2a04:4e40:6700::/44
2a04:4e40:6700::/48
2a04:4e40:6800::/48
2a04:4e40:6810::/48
2a04:4e40:6820::/48
2a04:4e40:6830::/48
2a04:4e40:6840::/48
2a04:4e40:6850::/48
2a04:4e40:6900::/48
2a04:4e40:6910::/48
2a04:4e40:6920::/48
2a04:4e40:6940::/48
2a04:4e40:7100::/48
2a04:4e40:7110::/48
2a04:4e40:7130::/48
2a04:4e40:7140::/48
2a04:4e40:7200::/48
2a04:4e40:7300::/48
2a04:4e40:7400::/48
2a04:4e40:7500::/48
2a04:4e40:7600::/48
2a04:4e40:7700::/48
2a04:4e40:7710::/48
2a04:4e40:7720::/48
2a04:4e40:7730::/48
2a04:4e40:7740::/48
2a04:4e40:7750::/48
2a04:4e40:7800::/48
2a04:4e40:7810::/48
2a04:4e40:7830::/48
2a04:4e40:7840::/48
2a04:4e40:7900::/48
2a04:4e40:7940::/44
2a04:4e40:7940::/48
2a04:4e40:8000::/48
2a04:4e40:8010::/48
2a04:4e40:8040::/48
2a04:4e40:8100::/44
2a04:4e40:8100::/48
2a04:4e40:8500::/48
2a04:4e40:8700::/48
2a04:4e40:8800::/48
2a04:4e40:8830::/48
2a04:4e40:8840::/48
2a04:4e40:9000::/48
2a04:4e40:9200::/48
2a04:4e40:9240::/44
2a04:4e40:9400::/48
2a04:4e40:9401::/48
2a04:4e40:9410::/48
2a04:4e40:9411::/48
2a04:4e40:9420::/44
2a04:4e40:9420::/48
2a04:4e40:9421::/48
2a04:4e40:9430::/44
2a04:4e40:9430::/48
2a04:4e40:9431::/48
2a04:4e40:9440::/48
2a04:4e40:9441::/48
2a04:4e40:9450::/48
2a04:4e40:9451::/48
2a04:4e40:9500::/48
2a04:4e40:9510::/48
2a04:4e40:9520::/48
2a04:4e40:9540::/48
2a04:4e40:9550::/48
2a04:4e40:9600::/48
2a04:4e40:9610::/48
2a04:4e40:9630::/44
2a04:4e40:9630::/48
2a04:4e40:9640::/44
2a04:4e40:9640::/48
2a04:4e40:9800::/48
2a04:4e40:9810::/48
2a04:4e40:9820::/44
2a04:4e40:9820::/48
2a04:4e40:9830::/44
2a04:4e40:9830::/48
2a04:4e40:9840::/44
2a04:4e40:9840::/48
2a04:4e40:9850::/48
2a04:4e40:a0f0::/48
2a04:4e40:a000::/48
2a04:4e40:a10::/44
2a04:4e40:a010::/48
2a04:4e40:a20::/44
2a04:4e40:a020::/48
2a04:4e40:a30::/44
2a04:4e40:a030::/48
2a04:4e40:a040::/44
2a04:4e40:a40::/48
2a04:4e40:a50::/44
2a04:4e40:a050::/48
2a04:4e40:a200::/48
2a04:4e40:a400::/48
2a04:4e40:a600::/48
2a04:4e40:aa00::/48
2a04:4e40:aa01::/48
2a04:4e40:aa10::/48
2a04:4e40:aa11::/48
2a04:4e40:aa20::/48
2a04:4e40:aa21::/48
2a04:4e40:aa30::/44
2a04:4e40:aa30::/48
2a04:4e40:aa31::/48
2a04:4e40:aa40::/48
2a04:4e40:aa41::/48
2a04:4e40:aa50::/48
2a04:4e40:aa51::/48
2a04:4e40:ac00::/48
2a04:4e40:ac30::/44
2a04:4e40:ac30::/48
2a04:4e40:ac40::/44
2a04:4e40:ac40::/48
2a04:4e40:ad00::/48
2a04:4e40:ad10::/44
2a04:4e40:ad10::/48
2a04:4e40:ad40::/44
2a04:4e40:ad40::/48
2a04:4e40:ad50::/48
2a04:4e40:adf0::/48
2a04:4e40:ae00::/48
2a04:4e40:ae40::/48
2a04:4e40:af0::/48
2a04:4e40:b00::/44
2a04:4e40:b000::/48
2a04:4e40:b1f0::/48
2a04:4e40:b001::/48
2a04:4e40:b2f0::/48
2a04:4e40:b4f0::/48
2a04:4e40:b6f0::/48
2a04:4e40:b6f1::/48
2a04:4e40:b8f0::/48
2a04:4e40:b010::/48
2a04:4e40:b011::/48
2a04:4e40:b040::/48
2a04:4e40:b041::/48
2a04:4e40:b100::/48
2a04:4e40:b110::/48
2a04:4e40:b120::/48
2a04:4e40:b140::/48
2a04:4e40:b200::/48
2a04:4e40:b240::/44
2a04:4e40:b240::/48
2a04:4e40:b400::/48
2a04:4e40:b410::/44
2a04:4e40:b410::/48
2a04:4e40:b440::/44
2a04:4e40:b440::/48
2a04:4e40:b600::/48
2a04:4e40:b601::/48
2a04:4e40:b640::/44
2a04:4e40:b640::/48
2a04:4e40:b641::/48
2a04:4e40:b800::/48
2a04:4e40:b810::/48
2a04:4e40:b830::/48
2a04:4e40:b840::/48
2a04:4e40:ba00::/48
2a04:4e40:bc00::/48
2a04:4e40:bd00::/48
2a04:4e40:be00::/48
2a04:4e40:be01::/48
2a04:4e40:be10::/48
2a04:4e40:be11::/48
2a04:4e40:be20::/48
2a04:4e40:be21::/48
2a04:4e40:be30::/48
2a04:4e40:be31::/48
2a04:4e40:be40::/44
2a04:4e40:be40::/48
2a04:4e40:be41::/48
2a04:4e40:be50::/48
2a04:4e40:be51::/48
2a04:4e40:bef0::/48
2a04:4e40:bef1::/48
2a04:4e40:c000::/48
2a04:4e40:c2f0::/48
2a04:4e40:c5f0::/48
2a04:4e40:c6f0::/48
2a04:4e40:c030::/44
2a04:4e40:c200::/48
2a04:4e40:c210::/48
2a04:4e40:c240::/44
2a04:4e40:c240::/48
2a04:4e40:c500::/48
2a04:4e40:c510::/48
2a04:4e40:c520::/44
2a04:4e40:c520::/48
2a04:4e40:c530::/44
2a04:4e40:c530::/48
2a04:4e40:c540::/44
2a04:4e40:c540::/48
2a04:4e40:c600::/48
2a04:4e40:c630::/44
2a04:4e40:c630::/48
2a04:4e40:c800::/48
2a04:4e40:ca00::/48
2a04:4e40:ca10::/44
2a04:4e40:ca10::/48
2a04:4e40:ca30::/44
2a04:4e40:ca30::/48
2a04:4e40:ca40::/44
2a04:4e40:ca40::/48
2a04:4e40:ca50::/44
2a04:4e40:ca50::/48
2a04:4e40:caf0::/48
2a04:4e40:cc00::/48
2a04:4e40:ccf0::/48
2a04:4e40:cd00::/48
2a04:4e40:ce00::/48
2a04:4e40:ce10::/48
2a04:4e40:ce40::/44
2a04:4e40:ce40::/48
2a04:4e40:cef0::/48
2a04:4e40:d0f0::/48
2a04:4e40:d00::/44
2a04:4e40:d000::/48
2a04:4e40:d010::/48
2a04:4e40:d020::/48
2a04:4e40:d030::/48
2a04:4e40:d040::/44
2a04:4e40:d040::/48
2a04:4e40:d050::/48
2a04:4e40:d400::/48
2a04:4e40:d430::/44
2a04:4e40:d440::/44
2a04:4e40:da00::/48
2a04:4e40:da10::/44
2a04:4e40:da20::/44
2a04:4e40:da40::/44
2a04:4e40:dc00::/48
2a04:4e40:dc10::/48
2a04:4e40:dc20::/48
2a04:4e40:dc30::/48
2a04:4e40:dc40::/48
2a04:4e40:dc50::/48
2a04:4e40:dcf0::/48
2a04:4e40:de00::/48
2a04:4e40:def0::/48
2a04:4e40:e0f0::/48
2a04:4e40:e0f1::/48
2a04:4e40:e000::/48
2a04:4e40:e001::/48
2a04:4e40:e2f0::/48
2a04:4e40:e4f0::/48
2a04:4e40:e4f1::/48
2a04:4e40:e6f0::/48
2a04:4e40:e6f1::/48
2a04:4e40:e10::/48
2a04:4e40:e011::/48
2a04:4e40:e020::/48
2a04:4e40:e021::/48
2a04:4e40:e040::/44
2a04:4e40:e040::/48
2a04:4e40:e041::/48
2a04:4e40:e200::/48
2a04:4e40:e210::/48
2a04:4e40:e220::/48
2a04:4e40:e240::/44
2a04:4e40:e240::/48
2a04:4e40:e400::/48
2a04:4e40:e401::/48
2a04:4e40:e410::/48
2a04:4e40:e411::/48
2a04:4e40:e430::/48
2a04:4e40:e431::/48
2a04:4e40:e440::/48
2a04:4e40:e441::/48
2a04:4e40:e600::/48
2a04:4e40:e601::/48
2a04:4e40:e610::/48
2a04:4e40:e611::/48
2a04:4e40:e620::/48
2a04:4e40:e621::/48
2a04:4e40:e640::/48
2a04:4e40:e641::/48
2a04:4e40:e700::/48
2a04:4e40:e710::/48
2a04:4e40:e720::/48
2a04:4e40:e740::/48
2a04:4e40:e800::/48
2a04:4e40:e801::/48
2a04:4e40:e820::/44
2a04:4e40:e840::/44
2a04:4e40:e850::/44
2a04:4e40:ea00::/48
2a04:4e40:ea01::/48
2a04:4e40:ea10::/48
2a04:4e40:eaf0::/48
2a04:4e40:eaf1::/48
2a04:4e40:ec00::/48
2a04:4e40:ec20::/44
2a04:4e40:ec20::/48
2a04:4e40:ec40::/44
2a04:4e40:ec40::/48
2a04:4e40:ecf0::/48
2a04:4e40:ee00::/48
2a04:4e40:ee10::/48
2a04:4e40:ee20::/48
2a04:4e40:ee40::/48
2a04:4e40:eef0::/48
2a04:4e40:ef00::/48
2a04:4e40:ef10::/48
2a04:4e40:ef40::/48
2a04:4e40:eff0::/48
2a04:4e40:f0f0::/48
2a04:4e40:f0f1::/48
2a04:4e40:f00::/48
2a04:4e40:f001::/48
2a04:4e40:f3f0::/48
2a04:4e40:f4f0::/48
2a04:4e40:f7f0::/48
2a04:4e40:f7f1::/48
2a04:4e40:f8f0::/48
2a04:4e40:f10::/48
2a04:4e40:f40::/48
2a04:4e40:f100::/48
2a04:4e40:f110::/48
2a04:4e40:f140::/48
2a04:4e40:f200::/48
2a04:4e40:f300::/48
2a04:4e40:f310::/48
2a04:4e40:f320::/48
2a04:4e40:f340::/48
2a04:4e40:f400::/48
2a04:4e40:f410::/48
2a04:4e40:f430::/48
2a04:4e40:f440::/48
2a04:4e40:f700::/48
2a04:4e40:f701::/48
2a04:4e40:f710::/48
2a04:4e40:f711::/48
2a04:4e40:f740::/48
2a04:4e40:f741::/48
2a04:4e40:f800::/48
2a04:4e40:f820::/48
2a04:4e40:f840::/48
2a04:4e40:fa00::/48
2a04:4e40:fa01::/48
2a04:4e40:fa10::/48
2a04:4e40:fa20::/48
2a04:4e40:fa21::/48
2a04:4e40:fa40::/48
2a04:4e40:fa41::/48
2a04:4e40:fd00::/48
2a04:4e40:fdf0::/48
2a04:4e40:fe00::/48
2a04:4e40:fe10::/44
2a04:4e40:fe10::/48
2a04:4e40:fe40::/44
2a04:4e40:fe40::/48
2a04:4e40:ff00::/48
2a04:4e40::/48
2a04:4e41:1b00::/40
2a04:4e41:1c00::/39
2a04:4e41:1c0::/43
2a04:4e41:1c::/48
2a04:4e41:1e00::/40
2a04:4e41:1e0::/43
2a04:4e41:1e::/48
2a04:4e41:1f00::/40
2a04:4e41:2a00::/39
2a04:4e41:2c00::/39
2a04:4e41:2c::/48
2a04:4e41:2e00::/39
2a04:4e41:3a00::/39
2a04:4e41:3c00::/39
2a04:4e41:3c::/48
2a04:4e41:3e00::/39
2a04:4e41:4a00::/39
2a04:4e41:4c20::/43
2a04:4e41:4c40::/43
2a04:4e41:4c60::/43
2a04:4e41:4c80::/43
2a04:4e41:4ca0::/43
2a04:4e41:4ce0::/43
2a04:4e41:4c::/48
2a04:4e41:4d00::/40
2a04:4e41:4e00::/39
2a04:4e41:4::/48
2a04:4e41:5a00::/39
2a04:4e41:5c00::/39
2a04:4e41:5c::/48
2a04:4e41:5e00::/39
2a04:4e41:6a00::/39
2a04:4e41:6c00::/39
2a04:4e41:6c::/48
2a04:4e41:6e00::/39
2a04:4e41:8::/48
2a04:4e41:10::/48
2a04:4e41:12a0::/43
2a04:4e41:12c0::/43
2a04:4e41:12e0::/43
2a04:4e41:14::/48
2a04:4e41:18::/48
2a04:4e41:20::/48
2a04:4e41:24::/48
2a04:4e41:28::/48
2a04:4e41:30::/48
2a04:4e41:33::/48
2a04:4e41:34::/48
2a04:4e41:38::/48
2a04:4e41:40::/48
2a04:4e41:44::/48
2a04:4e41:48::/48
2a04:4e41:50::/48
2a04:4e41:53::/48
2a04:4e41:54::/48
2a04:4e41:58::/48
2a04:4e41:60::/48
2a04:4e41:64::/48
2a04:4e41:68::/48
2a04:4e41:70::/48
2a04:4e41:100::/43
2a04:4e41:120::/43
2a04:4e41:140::/43
2a04:4e41:180::/43
2a04:4e41:200::/40
2a04:4e41:400::/40
2a04:4e41:500::/40
2a04:4e41:600::/39
2a04:4e41:800::/39
2a04:4e41:1000::/39
2a04:4e41:1200::/43
2a04:4e41:1220::/43
2a04:4e41:1240::/43
2a04:4e41:1260::/43
2a04:4e41:1280::/43
2a04:4e41:1300::/40
2a04:4e41:1400::/39
2a04:4e41:1600::/39
2a04:4e41:1800::/39
2a04:4e41:2000::/39
2a04:4e41:2200::/39
2a04:4e41:2400::/39
2a04:4e41:2600::/39
2a04:4e41:2800::/39
2a04:4e41:3000::/39
2a04:4e41:3200::/39
2a04:4e41:3400::/39
2a04:4e41:3600::/39
2a04:4e41:3800::/39
2a04:4e41:4000::/34
2a04:4e41:4000::/48
2a04:4e41:4001::/48
2a04:4e41:4010::/44
2a04:4e41:4020::/44
2a04:4e41:4030::/44
2a04:4e41:4040::/44
2a04:4e41:4050::/44
2a04:4e41:4060::/44
2a04:4e41:4070::/44
2a04:4e41:4080::/44
2a04:4e41:4100::/40
2a04:4e41:4200::/39
2a04:4e41:4400::/39
2a04:4e41:4600::/39
2a04:4e41:4800::/39
2a04:4e41:5000::/39
2a04:4e41:5200::/39
2a04:4e41:5400::/39
2a04:4e41:5600::/39
2a04:4e41:5800::/40
2a04:4e41:6000::/39
2a04:4e41:6200::/40
2a04:4e41:6300::/40
2a04:4e41:6400::/39
2a04:4e41:6800::/40
2a04:4e41:6900::/43
2a04:4e41:6920::/43
2a04:4e41:7000::/39
2a04:4e41:7200::/39
2a04:4e41:7400::/39
2a04:4e41:7600::/39
2a04:4e41:7800::/39
2a04:4e41:8000::/48
2a04:4e41:8001::/48
2a04:4e41:8002::/48
2a04:4e41:a00::/39
2a04:4e41:c::/48
2a04:4e41:e00::/39
2a04:4e41::/34
2a04:4e41::/48
2a04:4e42:1b::/48
2a04:4e42:1d::/48
2a04:4e42:1e::/48
2a04:4e42:1f::/48
2a04:4e42:1::/48
2a04:4e42:2a::/48
2a04:4e42:2b::/48
2a04:4e42:2c::/48
2a04:4e42:2d::/48
2a04:4e42:2e::/48
2a04:4e42:2f::/48
2a04:4e42:2::/48
2a04:4e42:3a::/48
2a04:4e42:3b::/48
2a04:4e42:3c::/48
2a04:4e42:3e::/48
2a04:4e42:3::/48
2a04:4e42:4a::/48
2a04:4e42:4b::/48
2a04:4e42:4c::/48
2a04:4e42:4d::/48
2a04:4e42:4e::/48
2a04:4e42:4f::/48
2a04:4e42:4::/48
2a04:4e42:5a::/48
2a04:4e42:5b::/48
2a04:4e42:5c::/48
2a04:4e42:5d::/48
2a04:4e42:5e::/48
2a04:4e42:5f::/48
2a04:4e42:5::/48
2a04:4e42:6a::/48
2a04:4e42:6b::/48
2a04:4e42:6c::/48
2a04:4e42:6d::/48
2a04:4e42:6e::/48
2a04:4e42:6f::/48
2a04:4e42:7a::/48
2a04:4e42:7b::/48
2a04:4e42:7c::/48
2a04:4e42:7d::/48
2a04:4e42:7f::/48
2a04:4e42:7::/48
2a04:4e42:8a::/48
2a04:4e42:8b::/48
2a04:4e42:8c::/48
2a04:4e42:8d::/48
2a04:4e42:8e::/48
2a04:4e42:8f::/48
2a04:4e42:9a::/48
2a04:4e42:9b::/48
2a04:4e42:10::/48
2a04:4e42:11::/48
2a04:4e42:12::/48
2a04:4e42:13::/48
2a04:4e42:14::/48
2a04:4e42:15::/48
2a04:4e42:16::/48
2a04:4e42:19::/48
2a04:4e42:20::/48
2a04:4e42:21::/48
2a04:4e42:22::/48
2a04:4e42:23::/48
2a04:4e42:24::/48
2a04:4e42:25::/48
2a04:4e42:26::/48
2a04:4e42:27::/48
2a04:4e42:29::/48
2a04:4e42:30::/48
2a04:4e42:31::/48
2a04:4e42:33::/48
2a04:4e42:34::/48
2a04:4e42:35::/48
2a04:4e42:36::/48
2a04:4e42:37::/48
2a04:4e42:38::/48
2a04:4e42:39::/48
2a04:4e42:40::/48
2a04:4e42:41::/48
2a04:4e42:43::/48
2a04:4e42:45::/48
2a04:4e42:46::/48
2a04:4e42:47::/48
2a04:4e42:48::/48
2a04:4e42:49::/48
2a04:4e42:50::/48
2a04:4e42:51::/48
2a04:4e42:52::/48
2a04:4e42:54::/48
2a04:4e42:56::/48
2a04:4e42:57::/48
2a04:4e42:59::/48
2a04:4e42:61::/48
2a04:4e42:62::/48
2a04:4e42:63::/48
2a04:4e42:64::/48
2a04:4e42:65::/48
2a04:4e42:66::/48
2a04:4e42:67::/48
2a04:4e42:68::/48
2a04:4e42:69::/48
2a04:4e42:70::/48
2a04:4e42:71::/48
2a04:4e42:72::/48
2a04:4e42:73::/48
2a04:4e42:74::/48
2a04:4e42:75::/48
2a04:4e42:76::/48
2a04:4e42:77::/48
2a04:4e42:78::/48
2a04:4e42:79::/48
2a04:4e42:80::/48
2a04:4e42:81::/48
2a04:4e42:82::/48
2a04:4e42:83::/48
2a04:4e42:84::/48
2a04:4e42:86::/48
2a04:4e42:87::/48
2a04:4e42:88::/48
2a04:4e42:89::/48
2a04:4e42:90::/48
2a04:4e42:91::/48
2a04:4e42:92::/48
2a04:4e42:93::/48
2a04:4e42:94::/48
2a04:4e42:95::/48
2a04:4e42:96::/48
2a04:4e42:97::/48
2a04:4e42:200::/48
2a04:4e42:302d::/48
2a04:4e42:400::/48
2a04:4e42:600f::/48
2a04:4e42:600::/48
2a04:4e42:601d::/48
2a04:4e42:601f::/48
2a04:4e42:602d::/48
2a04:4e42:603a::/48
2a04:4e42:604a::/48
2a04:4e42:604b::/48
2a04:4e42:606a::/48
2a04:4e42:606b::/48
2a04:4e42:606f::/48
2a04:4e42:607d::/48
2a04:4e42:607f::/48
2a04:4e42:608d::/48
2a04:4e42:608e::/48
2a04:4e42:1000::/36
2a04:4e42:2000::/36
2a04:4e42:3000::/36
2a04:4e42:3091::/48
2a04:4e42:4000::/36
2a04:4e42:5000::/36
2a04:4e42:6000::/36
2a04:4e42:6001::/48
2a04:4e42:6002::/48
2a04:4e42:6030::/48
2a04:4e42:6039::/48
2a04:4e42:6041::/48
2a04:4e42:6043::/48
2a04:4e42:6045::/48
2a04:4e42:6047::/48
2a04:4e42:6054::/48
2a04:4e42:6063::/48
2a04:4e42:6070::/48
2a04:4e42:6082::/48
2a04:4e42:6091::/48
2a04:4e42:6092::/48
2a04:4e42:6093::/48
2a04:4e42:7000::/36
2a04:4e42:7025::/48
2a04:4e42:8000::/36
2a04:4e42:9000::/36
2a04:4e42:a000::/36
2a04:4e42:a::/48
2a04:4e42:b000::/36
2a04:4e42:b::/48
2a04:4e42:c000::/36
2a04:4e42:c::/48
2a04:4e42:d000::/36
2a04:4e42:d::/48
2a04:4e42:f000::/36
2a04:4e42:fcf::/48
2a04:4e42:fd0::/48
2a04:4e42:fd1::/48
2a04:4e42:fd2::/48
2a04:4e42:fd5::/48
2a04:4e42:fd6::/48
2a04:4e42:fd9::/48
2a04:4e42:fda::/48
2a04:4e42:fdf::/48
2a04:4e42:fe4::/48
2a04:4e42:fe5::/48
2a04:4e42:fe7::/48
2a04:4e42:fea::/48
2a04:4e42:fed::/48
2a04:4e42:ff0::/48
2a04:4e42:ff1::/48
2a04:4e42:ff2::/48
2a04:4e42:ffd::/48
2a04:4e42:f::/48
2a04:4e42::/32
2a04:4e42::/48
2a04:4e44:100::/48
2a04:4e44:200::/48
2a04:4e44:300::/48
2a04:4e44:400::/44
2a04:4e44:400::/48
2a04:4e44:500::/48
2a04:4e44:600::/44
2a04:4e44:600::/48
2a04:4e44::/48
2a04:4e47:1::/48
2a04:4e47:2::/48
2a04:4e47:3::/48
2a04:4e47:4::/48
2a04:4e47:5::/48
2a04:4e47:6::/48
2a04:4e47:7::/48
2a04:4e47::/48
2001:df0:45f::/48
2001:df0:461::/48
2001:df0:462::/48
2401:7c60:1::/48
2602:816:5001::/48
2606:2cc0:1::/48
2606:2cc0:2::/48
2606:2cc0:3::/48
2606:2cc0::/46
2606:2cc0::/48
2606:50c0:8000::/46
2606:50c0:8000::/48
2606:50c0:8001::/48
2606:50c0:8002::/48
2606:50c0:8003::/48
2607:71c0:fff0::/48
2607:71c0:fff1::/48
2607:71c0:fff2::/48
2607:71c0:fff3::/48
2607:71c0:fff4::/48
2607:71c0:fff5::/48
2607:71c0:fff6::/48
2607:71c0:fff7::/48
2607:71c0:fff8::/48
2607:71c0:fff9::/48
2607:71c0:fffa::/48
2607:71c0:fffb::/48
2620:0:890::/48
2620:11a:c01a::/48
2620:11a:c01c::/48
2620:11a:c01d::/48
2620:11a:c004::/48
2620:11a:c010::/48
2620:11a:c012::/48
2620:11a:c014::/48
2620:11a:c016::/48
2620:11a:c018::/46
2620:11a:c018::/48
2620:11a:c019::/48
2620:11a:c020::/48
2620:11a:c024::/48
2620:11a:c025::/48
2620:12a:8000::/44
